bhuvansawant@DESKTOP-94L4PU9:/mnt/c/Users/Dell$ sudo apt install traceroute
[sudo] password for bhuvansawant:
Reading package lists... Done
Building dependency tree... Done
Reading state information... Done
The following NEW packages will be installed:
  traceroute
0 upgraded, 1 newly installed, 0 to remove and 105 not upgraded.
Need to get 45.4 kB of archives.
After this operation, 152 kB of additional disk space will be used.
Get:1 http://archive.ubuntu.com/ubuntu jammy/universe amd64 traceroute amd64 1:2.1.0-2 [45.4 kB]
Fetched 45.4 kB in 1s (51.5 kB/s)
Selecting previously unselected package traceroute.
(Reading database ... 24156 files and directories currently installed.)
Preparing to unpack .../traceroute_1%3a2.1.0-2_amd64.deb ...
Unpacking traceroute (1:2.1.0-2) ...
Setting up traceroute (1:2.1.0-2) ...
update-alternatives: using /usr/bin/traceroute.db to provide /usr/bin/traceroute (traceroute) in auto mode
update-alternatives: using /usr/bin/traceroute6.db to provide /usr/bin/traceroute6 (traceroute6) in auto mode
update-alternatives: using /usr/bin/lft.db to provide /usr/bin/lft (lft) in auto mode
update-alternatives: using /usr/bin/traceproto.db to provide /usr/bin/traceproto (traceproto) in auto mode
update-alternatives: using /usr/sbin/tcptraceroute.db to provide /usr/sbin/tcptraceroute (tcptraceroute) in auto mode
Processing triggers for man-db (2.10.2-1) ...
bhuvansawant@DESKTOP-94L4PU9:/mnt/c/Users/Dell$ traceroute google.com
traceroute to google.com (142.250.192.78), 30 hops max, 60 byte packets
 1  DESKTOP-94L4PU9.mshome.net (172.18.192.1)  1.191 ms  1.085 ms  1.063 ms
 2  192.168.0.1 (192.168.0.1)  4.279 ms  4.255 ms  4.241 ms
 3  157.119.201.150 (157.119.201.150)  4.520 ms  4.486 ms  4.451 ms
 4  157.119.201.149 (157.119.201.149)  7.940 ms  7.770 ms  7.742 ms
 5  142.250.169.201 (142.250.169.201)  5.552 ms  5.258 ms  5.249 ms
 6  108.170.248.177 (108.170.248.177)  7.029 ms 108.170.248.161 (108.170.248.161)  4.457 ms 108.170.248.177 (108.170.248.177)  6.419 ms
 7  108.170.226.131 (108.170.226.131)  5.602 ms 142.250.61.203 (142.250.61.203)  6.260 ms  5.388 ms
 8  bom12s16-in-f14.1e100.net (142.250.192.78)  5.374 ms  6.023 ms  5.346 ms
bhuvansawant@DESKTOP-94L4PU9:/mnt/c/Users/Dell$ whois google.com
Command 'whois' not found, but can be installed with:
sudo apt install whois
bhuvansawant@DESKTOP-94L4PU9:/mnt/c/Users/Dell$ sudo apt install whois
Reading package lists... Done
Building dependency tree... Done
Reading state information... Done
The following NEW packages will be installed:
  whois
0 upgraded, 1 newly installed, 0 to remove and 105 not upgraded.
Need to get 53.4 kB of archives.
After this operation, 279 kB of additional disk space will be used.
Get:1 http://archive.ubuntu.com/ubuntu jammy/main amd64 whois amd64 5.5.13 [53.4 kB]
Fetched 53.4 kB in 1s (58.6 kB/s)
Selecting previously unselected package whois.
(Reading database ... 24176 files and directories currently installed.)
Preparing to unpack .../whois_5.5.13_amd64.deb ...
Unpacking whois (5.5.13) ...
Setting up whois (5.5.13) ...
Processing triggers for man-db (2.10.2-1) ...
bhuvansawant@DESKTOP-94L4PU9:/mnt/c/Users/Dell$ whois google.com
   Domain Name: GOOGLE.COM
   Registry Domain ID: 2138514_DOMAIN_COM-VRSN
   Registrar WHOIS Server: whois.markmonitor.com
   Registrar URL: http://www.markmonitor.com
   Updated Date: 2019-09-09T15:39:04Z
   Creation Date: 1997-09-15T04:00:00Z
   Registry Expiry Date: 2028-09-14T04:00:00Z
   Registrar: MarkMonitor Inc.
   Registrar IANA ID: 292
   Registrar Abuse Contact Email: abusecomplaints@markmonitor.com
   Registrar Abuse Contact Phone: +1.2086851750
   Domain Status: clientDeleteProhibited https://icann.org/epp#clientDeleteProhibited
   Domain Status: clientTransferProhibited https://icann.org/epp#clientTransferProhibited
   Domain Status: clientUpdateProhibited https://icann.org/epp#clientUpdateProhibited
   Domain Status: serverDeleteProhibited https://icann.org/epp#serverDeleteProhibited
   Domain Status: serverTransferProhibited https://icann.org/epp#serverTransferProhibited
   Domain Status: serverUpdateProhibited https://icann.org/epp#serverUpdateProhibited
   Name Server: NS1.GOOGLE.COM
   Name Server: NS2.GOOGLE.COM
   Name Server: NS3.GOOGLE.COM
   Name Server: NS4.GOOGLE.COM
   DNSSEC: unsigned
   URL of the ICANN Whois Inaccuracy Complaint Form: https://www.icann.org/wicf/
>>> Last update of whois database: 2023-10-29T08:46:03Z <<<

For more information on Whois status codes, please visit https://icann.org/epp

NOTICE: The expiration date displayed in this record is the date the
registrar's sponsorship of the domain name registration in the registry is
currently set to expire. This date does not necessarily reflect the expiration
date of the domain name registrant's agreement with the sponsoring
registrar.  Users may consult the sponsoring registrar's Whois database to
view the registrar's reported date of expiration for this registration.

TERMS OF USE: You are not authorized to access or query our Whois
database through the use of electronic processes that are high-volume and
automated except as reasonably necessary to register domain names or
modify existing registrations; the Data in VeriSign Global Registry
Services' ("VeriSign") Whois database is provided by VeriSign for
information purposes only, and to assist persons in obtaining information
about or related to a domain name registration record. VeriSign does not
guarantee its accuracy. By submitting a Whois query, you agree to abide
by the following terms of use: You agree that you may use this Data only
for lawful purposes and that under no circumstances will you use this Data
to: (1) allow, enable, or otherwise support the transmission of mass
unsolicited, commercial advertising or solicitations via e-mail, telephone,
or facsimile; or (2) enable high volume, automated, electronic processes
that apply to VeriSign (or its computer systems). The compilation,
repackaging, dissemination or other use of this Data is expressly
prohibited without the prior written consent of VeriSign. You agree not to
use electronic processes that are automated and high-volume to access or
query the Whois database except as reasonably necessary to register
domain names or modify existing registrations. VeriSign reserves the right
to restrict your access to the Whois database in its sole discretion to ensure
operational stability.  VeriSign may restrict or terminate your access to the
Whois database for failure to abide by these terms of use. VeriSign
reserves the right to modify these terms at any time.

The Registry database contains ONLY .COM, .NET, .EDU domains and
Registrars.
Domain Name: google.com
Registry Domain ID: 2138514_DOMAIN_COM-VRSN
Registrar WHOIS Server: whois.markmonitor.com
Registrar URL: http://www.markmonitor.com
Updated Date: 2019-09-09T15:39:04+0000
Creation Date: 1997-09-15T07:00:00+0000
Registrar Registration Expiration Date: 2028-09-13T07:00:00+0000
Registrar: MarkMonitor, Inc.
Registrar IANA ID: 292
Registrar Abuse Contact Email: abusecomplaints@markmonitor.com
Registrar Abuse Contact Phone: +1.2086851750
Domain Status: clientUpdateProhibited (https://www.icann.org/epp#clientUpdateProhibited)
Domain Status: clientTransferProhibited (https://www.icann.org/epp#clientTransferProhibited)
Domain Status: clientDeleteProhibited (https://www.icann.org/epp#clientDeleteProhibited)
Domain Status: serverUpdateProhibited (https://www.icann.org/epp#serverUpdateProhibited)
Domain Status: serverTransferProhibited (https://www.icann.org/epp#serverTransferProhibited)
Domain Status: serverDeleteProhibited (https://www.icann.org/epp#serverDeleteProhibited)
Registrant Organization: Google LLC
Registrant State/Province: CA
Registrant Country: US
Registrant Email: Select Request Email Form at https://domains.markmonitor.com/whois/google.com
Admin Organization: Google LLC
Admin State/Province: CA
Admin Country: US
Admin Email: Select Request Email Form at https://domains.markmonitor.com/whois/google.com
Tech Organization: Google LLC
Tech State/Province: CA
Tech Country: US
Tech Email: Select Request Email Form at https://domains.markmonitor.com/whois/google.com
Name Server: ns1.google.com
Name Server: ns4.google.com
Name Server: ns3.google.com
Name Server: ns2.google.com
DNSSEC: unsigned
URL of the ICANN WHOIS Data Problem Reporting System: http://wdprs.internic.net/
>>> Last update of WHOIS database: 2023-10-29T08:42:13+0000 <<<

For more information on WHOIS status codes, please visit:
  https://www.icann.org/resources/pages/epp-status-codes

If you wish to contact this domain’s Registrant, Administrative, or Technical
contact, and such email address is not visible above, you may do so via our web
form, pursuant to ICANN’s Temporary Specification. To verify that you are not a
robot, please enter your email address to receive a link to a page that
facilitates email communication with the relevant contact(s).

Web-based WHOIS:
  https://domains.markmonitor.com/whois

If you have a legitimate interest in viewing the non-public WHOIS details, send
your request and the reasons for your request to whoisrequest@markmonitor.com
and specify the domain name in the subject line. We will review that request and
may ask for supporting documentation and explanation.

The data in MarkMonitor’s WHOIS database is provided for information purposes,
and to assist persons in obtaining information about or related to a domain
name’s registration record. While MarkMonitor believes the data to be accurate,
the data is provided "as is" with no guarantee or warranties regarding its
accuracy.

By submitting a WHOIS query, you agree that you will use this data only for
lawful purposes and that, under no circumstances will you use this data to:
  (1) allow, enable, or otherwise support the transmission by email, telephone,
or facsimile of mass, unsolicited, commercial advertising, or spam; or
  (2) enable high volume, automated, or electronic processes that send queries,
data, or email to MarkMonitor (or its systems) or the domain name contacts (or
its systems).

MarkMonitor reserves the right to modify these terms at any time.

By submitting this query, you agree to abide by this policy.

MarkMonitor Domain Management(TM)
Protecting companies and consumers in a digital world.

Visit MarkMonitor at https://www.markmonitor.com
Contact us at +1.8007459229
In Europe, at +44.02032062220
--
bhuvansawant@DESKTOP-94L4PU9:/mnt/c/Users/Dell$ sudo apt install dig
Reading package lists... Done
Building dependency tree... Done
Reading state information... Done
E: Unable to locate package dig
bhuvansawant@DESKTOP-94L4PU9:/mnt/c/Users/Dell$ dig google.com

; <<>> DiG 9.18.12-0ubuntu0.22.04.1-Ubuntu <<>> google.com
;; global options: +cmd
;; Got answer:
;; ->>HEADER<<- opcode: QUERY, status: NOERROR, id: 22407
;; flags: qr rd ad; QUERY: 1, ANSWER: 1, AUTHORITY: 0, ADDITIONAL: 0
;; WARNING: recursion requested but not available

;; QUESTION SECTION:
;google.com.                    IN      A

;; ANSWER SECTION:
google.com.             0       IN      A       142.250.183.206

;; Query time: 0 msec
;; SERVER: 172.18.192.1#53(172.18.192.1) (UDP)
;; WHEN: Sun Oct 29 14:17:46 IST 2023
;; MSG SIZE  rcvd: 54

bhuvansawant@DESKTOP-94L4PU9:/mnt/c/Users/Dell$ dig google.com ANY
;; Connection to 172.18.192.1#53(172.18.192.1) for google.com failed: timed out.
;; Connection to 172.18.192.1#53(172.18.192.1) for google.com failed: timed out.
;; Connection to 172.18.192.1#53(172.18.192.1) for google.com failed: timed out.
bhuvansawant@DESKTOP-94L4PU9:/mnt/c/Users/Dell$ ^C
bhuvansawant@DESKTOP-94L4PU9:/mnt/c/Users/Dell$ nslookup youtube.com
Server:         172.18.192.1
Address:        172.18.192.1#53

Non-authoritative answer:
Name:   youtube.com
Address: 142.250.183.14
Name:   youtube.com
Address: 2404:6800:4009:820::200e

bhuvansawant@DESKTOP-94L4PU9:/mnt/c/Users/Dell$ nslookup -type=txt youtube.com
Server:         172.18.192.1
Address:        172.18.192.1#53

Non-authoritative answer:
youtube.com     text = "v=spf1 include:google.com mx -all"
youtube.com     text = "google-site-verification=QtQWEwHWM8tHiJ4s-jJWzEQrD_fF3luPnpzNDH-Nw-w"
youtube.com     text = "facebook-domain-verification=64jdes7le4h7e7lfpi22rijygx58j1"

Authoritative answers can be found from:

bhuvansawant@DESKTOP-94L4PU9:/mnt/c/Users/Dell$ nslookup -type=txt google.com
Server:         172.18.192.1
Address:        172.18.192.1#53

Non-authoritative answer:
google.com      text = "onetrust-domain-verification=de01ed21f2fa4d8781cbc3ffb89cf4ef"
google.com      text = "google-site-verification=TV9-DBe4R80X4v0M4U_bd_J9cpOJM0nikft0jAgjmsQ"
google.com      text = "docusign=1b0a6754-49b1-4db5-8540-d2c12664b289"
google.com      text = "google-site-verification=wD8N7i1JTNTkezJ49swvWW48f8_9xveREV4oB-0Hf5o"
google.com      text = "facebook-domain-verification=22rm551cu4k0ab0bxsw536tlds4h95"
google.com      text = "globalsign-smime-dv=CDYX+XFHUw2wml6/Gb8+59BsH31KzUr6c1l2BPvqKX8="
google.com      text = "atlassian-domain-verification=5YjTmWmjI92ewqkx2oXmBaD60Td9zWon9r6eakvHX6B77zzkFQto8PQ9QsKnbf4I"
google.com      text = "apple-domain-verification=30afIBcvSuDV2PLX"
google.com      text = "MS=E4A68B9AB2BB9670BCE15412F62916164C0B20BB"
google.com      text = "webexdomainverification.8YX6G=6e6922db-e3e6-4a36-904e-a805c28087fa"
google.com      text = "v=spf1 include:_spf.google.com ~all"
google.com      text = "docusign=05958488-4752-4ef2-95eb-aa7ba8a3bd0e"

Authoritative answers can be found from:

bhuvansawant@DESKTOP-94L4PU9:/mnt/c/Users/Dell$ sudo apt install niktro
Reading package lists... Done
Building dependency tree... Done
Reading state information... Done
E: Unable to locate package niktro
bhuvansawant@DESKTOP-94L4PU9:/mnt/c/Users/Dell$ sudo apt-get update
Hit:1 http://archive.ubuntu.com/ubuntu jammy InRelease
Get:2 http://security.ubuntu.com/ubuntu jammy-security InRelease [110 kB]
Get:3 http://archive.ubuntu.com/ubuntu jammy-updates InRelease [119 kB]
Get:4 http://archive.ubuntu.com/ubuntu jammy-backports InRelease [109 kB]
Get:5 http://archive.ubuntu.com/ubuntu jammy-updates/main amd64 Packages [1104 kB]
Get:6 http://archive.ubuntu.com/ubuntu jammy-updates/universe amd64 Packages [995 kB]
Fetched 2437 kB in 3s (834 kB/s)
Reading package lists... Done
bhuvansawant@DESKTOP-94L4PU9:/mnt/c/Users/Dell$ sudo apt install niktro
Reading package lists... Done
Building dependency tree... Done
Reading state information... Done
E: Unable to locate package niktro
bhuvansawant@DESKTOP-94L4PU9:/mnt/c/Users/Dell$ sudo apt install nikto
Reading package lists... Done
Building dependency tree... Done
Reading state information... Done
The following additional packages will be installed:
  libnet-ssleay-perl libwhisker2-perl perl-openssl-defaults
Suggested packages:
  nmap
The following NEW packages will be installed:
  libnet-ssleay-perl libwhisker2-perl nikto perl-openssl-defaults
0 upgraded, 4 newly installed, 0 to remove and 105 not upgraded.
Need to get 679 kB of archives.
After this operation, 3612 kB of additional disk space will be used.
Do you want to continue? [Y/n] Y
Get:1 http://archive.ubuntu.com/ubuntu jammy/main amd64 perl-openssl-defaults amd64 5build2 [7542 B]
Get:2 http://archive.ubuntu.com/ubuntu jammy/main amd64 libnet-ssleay-perl amd64 1.92-1build2 [327 kB]
Get:3 http://archive.ubuntu.com/ubuntu jammy/universe amd64 libwhisker2-perl all 2.5-1.2 [98.1 kB]
Get:4 http://archive.ubuntu.com/ubuntu jammy/multiverse amd64 nikto all 1:2.1.5-3.1 [246 kB]
Fetched 679 kB in 2s (393 kB/s)
Selecting previously unselected package perl-openssl-defaults:amd64.
(Reading database ... 24185 files and directories currently installed.)
Preparing to unpack .../perl-openssl-defaults_5build2_amd64.deb ...
Unpacking perl-openssl-defaults:amd64 (5build2) ...
Selecting previously unselected package libnet-ssleay-perl:amd64.
Preparing to unpack .../libnet-ssleay-perl_1.92-1build2_amd64.deb ...
Unpacking libnet-ssleay-perl:amd64 (1.92-1build2) ...
Selecting previously unselected package libwhisker2-perl.
Preparing to unpack .../libwhisker2-perl_2.5-1.2_all.deb ...
Unpacking libwhisker2-perl (2.5-1.2) ...
Selecting previously unselected package nikto.
Preparing to unpack .../nikto_1%3a2.1.5-3.1_all.deb ...
Unpacking nikto (1:2.1.5-3.1) ...
Setting up perl-openssl-defaults:amd64 (5build2) ...
Setting up libwhisker2-perl (2.5-1.2) ...
Setting up libnet-ssleay-perl:amd64 (1.92-1build2) ...
Setting up nikto (1:2.1.5-3.1) ...
Processing triggers for man-db (2.10.2-1) ...
bhuvansawant@DESKTOP-94L4PU9:/mnt/c/Users/Dell$ nikto -h google.com
- Nikto v2.1.5
---------------------------------------------------------------------------
+ Target IP:          142.250.183.206
+ Target Hostname:    google.com
+ Target Port:        80
+ Start Time:         2023-10-29 14:22:19 (GMT5.5)
---------------------------------------------------------------------------
+ Server: gws
+ Uncommon header 'x-xss-protection' found, with contents: 0
+ Uncommon header 'content-security-policy-report-only' found, with contents: object-src 'none';base-uri 'self';script-src 'nonce-Ab2LrldI2LL1Ge7MP7mrmQ' 'strict-dynamic' 'report-sample' 'unsafe-eval' 'unsafe-inline' https: http:;report-uri https://csp.withgoogle.com/csp/gws/other-hp
+ Uncommon header 'x-frame-options' found, with contents: SAMEORIGIN
+ Root page / redirects to: http://www.google.com/
+ Uncommon header 'referrer-policy' found, with contents: no-referrer
+ No CGI Directories found (use '-C all' to force check all possible dirs)
+ Server banner has changed from 'gws' to 'sffe' which may suggest a WAF, load balancer or proxy is in place
+ Uncommon header 'cross-origin-resource-policy' found, with contents: cross-origin
+ Uncommon header 'x-content-type-options' found, with contents: nosniff
+ Cookie 1P_JAR created without the httponly flag
+ Cookie AEC created without the httponly flag
+ Cookie NID created without the httponly flag
+ Uncommon header 'content-security-policy' found, with contents: object-src 'none';base-uri 'self';script-src 'nonce-NG9lSmFymM4EF-6v7RC1aA' 'strict-dynamic' 'report-sample' 'unsafe-eval' 'unsafe-inline' https: http:;report-uri https://csp.withgoogle.com/csp/gws/other
+ Allowed HTTP Methods: GET, HEAD
+ Uncommon header 'permissions-policy' found, with contents: ch-ua-arch=*, ch-ua-bitness=*, ch-ua-full-version=*, ch-ua-full-version-list=*, ch-ua-model=*, ch-ua-wow64=*, ch-ua-form-factor=*, ch-ua-platform=*, ch-ua-platform-version=*
+ Uncommon header 'cross-origin-opener-policy' found, with contents: same-origin
+ Uncommon header 'accept-ch' found, with contents: Sec-CH-UA-Arch, Sec-CH-UA-Bitness, Sec-CH-UA-Full-Version, Sec-CH-UA-Full-Version-List, Sec-CH-UA-Model, Sec-CH-UA-WoW64, Sec-CH-UA-Form-Factor, Sec-CH-UA-Platform, Sec-CH-UA-Platform-Version
^Cbhuvansawant@DESKTOP-94L4PU9:/mnt/c/Users/Dell$ ^C
bhuvansawant@DESKTOP-94L4PU9:/mnt/c/Users/Dell$ dmitry tsec.edu
Command 'dmitry' not found, but can be installed with:
sudo apt install dmitry
bhuvansawant@DESKTOP-94L4PU9:/mnt/c/Users/Dell$ sudo apt install dmitry
Reading package lists... Done
Building dependency tree... Done
Reading state information... Done
The following NEW packages will be installed:
  dmitry
0 upgraded, 1 newly installed, 0 to remove and 105 not upgraded.
Need to get 16.7 kB of archives.
After this operation, 54.3 kB of additional disk space will be used.
Get:1 http://archive.ubuntu.com/ubuntu jammy/universe amd64 dmitry amd64 1.3a-1.2 [16.7 kB]
Fetched 16.7 kB in 3s (4796 B/s)
Selecting previously unselected package dmitry.
(Reading database ... 24414 files and directories currently installed.)
Preparing to unpack .../dmitry_1.3a-1.2_amd64.deb ...
Unpacking dmitry (1.3a-1.2) ...
Setting up dmitry (1.3a-1.2) ...
Processing triggers for man-db (2.10.2-1) ...
bhuvansawant@DESKTOP-94L4PU9:/mnt/c/Users/Dell$ dmitry tsec.edu
Deepmagic Information Gathering Tool
"There be some deep magic going on"

HostIP:162.241.70.62
HostName:tsec.edu

Gathered Inet-whois information for 162.241.70.62
---------------------------------


inetnum:        162.222.91.0 - 162.244.51.255
netname:        NON-RIPE-NCC-MANAGED-ADDRESS-BLOCK
descr:          IPv4 address block not managed by the RIPE NCC
remarks:        ------------------------------------------------------
remarks:
remarks:        For registration information,
remarks:        you can consult the following sources:
remarks:
remarks:        IANA
remarks:        http://www.iana.org/assignments/ipv4-address-space
remarks:        http://www.iana.org/assignments/iana-ipv4-special-registry
remarks:        http://www.iana.org/assignments/ipv4-recovered-address-space
remarks:
remarks:        AFRINIC (Africa)
remarks:        http://www.afrinic.net/ whois.afrinic.net
remarks:
remarks:        APNIC (Asia Pacific)
remarks:        http://www.apnic.net/ whois.apnic.net
remarks:
remarks:        ARIN (Northern America)
remarks:        http://www.arin.net/ whois.arin.net
remarks:
remarks:        LACNIC (Latin America and the Carribean)
remarks:        http://www.lacnic.net/ whois.lacnic.net
remarks:
remarks:        ------------------------------------------------------
country:        EU # Country is really world wide
admin-c:        IANA1-RIPE
tech-c:         IANA1-RIPE
status:         ALLOCATED UNSPECIFIED
mnt-by:         RIPE-NCC-HM-MNT
created:        2019-01-07T10:49:27Z
last-modified:  2019-01-07T10:49:27Z
source:         RIPE

role:           Internet Assigned Numbers Authority
address:        see http://www.iana.org.
admin-c:        IANA1-RIPE
tech-c:         IANA1-RIPE
nic-hdl:        IANA1-RIPE
remarks:        For more information on IANA services
remarks:        go to IANA web site at http://www.iana.org.
mnt-by:         RIPE-NCC-MNT
created:        1970-01-01T00:00:00Z
last-modified:  2001-09-22T09:31:27Z
source:         RIPE # Filtered

% This query was served by the RIPE Database Query Service version 1.108 (DEXTER)



Gathered Inic-whois information for tsec.edu
---------------------------------

Domain Name: TSEC.EDU

Registrant:
        Thadomal Sahani Engineering College
        P.G Kher Marg, Bandra(W)
        Mumbai, Maharashtra 400 050
        India

Administrative Contact:
        Dr. Gopakumaran Thampi
        Thadomal Shahani Engineering College
        Nari Gurshahani Marg, Bandra(W)
        Mumbai, 400050
        India
        +91.2226495808
        gtthampi@yahoo.com

Technical Contact:
        Chetan Agarwal
        Thadomal Shahani Engineering College
        Nari Gurshahani Marg, Bandra(W)
        Mumbai, 400050
        India
        +91.2226495808
        chetan.agarwal@thadomal.org

Name Servers:
        NS1.SALESUPP.IN
        NS2.SALESUPP.IN

Domain record activated:    22-Jan-2001
Domain record last updated: 31-Aug-2023
Domain expires:             31-Jul-2024

Gathered Netcraft information for tsec.edu
---------------------------------

Retrieving Netcraft.com information for tsec.edu
Netcraft.com Information gathered

Gathered Subdomain information for tsec.edu
---------------------------------
Searching Google.com:80...
Searching Altavista.com:80...
Found 0 possible subdomain(s) for host tsec.edu, Searched 0 pages containing 0 results

Gathered E-Mail information for tsec.edu
---------------------------------
Searching Google.com:80...
Searching Altavista.com:80...
Found 0 E-Mail(s) for host tsec.edu, Searched 0 pages containing 0 results

Gathered TCP Port information for 162.241.70.62
---------------------------------

 Port           State

22/tcp          open
25/tcp          open
53/tcp          open
80/tcp          open
110/tcp         open
143/tcp         open

Portscan Finished: Scanned 150 ports, 136 ports were in state closed


All scans completed, exiting
bhuvansawant@DESKTOP-94L4PU9:/mnt/c/Users/Dell$